▲ Next.js 16.3.4
- Local:         http://localhost:3005
- Network:       http://0.0.0.0:3005
✓ Ready in 312ms
✓ Running next.config.ts took 164ms
[hooks] Registered 10 module hook listeners
[trophies] default seed skipped: Cannot read properties of undefined (reading 'count')
[trophy-engine] DB rule load failed; no trophy rules will be wired this boot: Cannot read properties of undefined (reading 'findMany')
{"level":"info","message":"scheduler started","timestamp":"2026-09-01T13:33:49.175Z","jobs":13,"tickIntervalMs":60000}
prisma:error 
Invalid `prisma.$executeRawUnsafe()` invocation:


Raw query failed. Code: `42P01`. Message: `relation "BlogArticle" does not exist`
[search-indexes] skipped "BlogArticle_fts_idx": 
Invalid `prisma.$executeRawUnsafe()` invocation:


Raw query failed. Code: `42P01`. Message: `relation "BlogArticle" does not exist`
prisma:error 
Invalid `prisma.$executeRawUnsafe()` invocation:


Raw query failed. Code: `42P01`. Message: `relation "ForumTopic" does not exist`
[search-indexes] skipped "ForumTopic_fts_idx": 
Invalid `prisma.$executeRawUnsafe()` invocation:


Raw query failed. Code: `42P01`. Message: `relation "ForumTopic" does not exist`
prisma:error 
Invalid `prisma.$executeRawUnsafe()` invocation:


Raw query failed. Code: `42P01`. Message: `relation "HelpArticle" does not exist`
[search-indexes] skipped "HelpArticle_fts_idx": 
Invalid `prisma.$executeRawUnsafe()` invocation:


Raw query failed. Code: `42P01`. Message: `relation "HelpArticle" does not exist`
prisma:error 
Invalid `prisma.$executeRawUnsafe()` invocation:


Raw query failed. Code: `42P01`. Message: `relation "Product" does not exist`
[search-indexes] skipped "Product_fts_idx": 
Invalid `prisma.$executeRawUnsafe()` invocation:


Raw query failed. Code: `42P01`. Message: `relation "Product" does not exist`
prisma:error 
Invalid `prisma.$executeRawUnsafe()` invocation:


Raw query failed. Code: `42P01`. Message: `relation "BlogArticle" does not exist`
[search-indexes] skipped "BlogArticle_fts_idx": 
Invalid `prisma.$executeRawUnsafe()` invocation:


Raw query failed. Code: `42P01`. Message: `relation "BlogArticle" does not exist`
prisma:error 
Invalid `prisma.$executeRawUnsafe()` invocation:


Raw query failed. Code: `42P01`. Message: `relation "ForumTopic" does not exist`
[search-indexes] skipped "ForumTopic_fts_idx": 
Invalid `prisma.$executeRawUnsafe()` invocation:


Raw query failed. Code: `42P01`. Message: `relation "ForumTopic" does not exist`
prisma:error 
Invalid `prisma.$executeRawUnsafe()` invocation:


Raw query failed. Code: `42P01`. Message: `relation "HelpArticle" does not exist`
[search-indexes] skipped "HelpArticle_fts_idx": 
Invalid `prisma.$executeRawUnsafe()` invocation:


Raw query failed. Code: `42P01`. Message: `relation "HelpArticle" does not exist`
prisma:error 
Invalid `prisma.$executeRawUnsafe()` invocation:


Raw query failed. Code: `42P01`. Message: `relation "Product" does not exist`
[search-indexes] skipped "Product_fts_idx": 
Invalid `prisma.$executeRawUnsafe()` invocation:


Raw query failed. Code: `42P01`. Message: `relation "Product" does not exist`
[announcements] publish-scheduled failed: TypeError: Cannot read properties of undefined (reading 'updateMany')
    at Object.d [as handler] (.next/server/chunks/ssr/[root-of-the-server]__03eb2ui._.js:13:1013)
    at N (.next/server/chunks/ssr/[root-of-the-server]__1d2ea94._.js:7:161)
    at O (.next/server/chunks/ssr/[root-of-the-server]__1d2ea94._.js:7:705)
[blog] publish-scheduled failed: TypeError: Cannot read properties of undefined (reading 'updateMany')
    at Object.d [as handler] (.next/server/chunks/ssr/[root-of-the-server]__1c_1ofo._.js:13:1012)
    at N (.next/server/chunks/ssr/[root-of-the-server]__1d2ea94._.js:7:161)
    at O (.next/server/chunks/ssr/[root-of-the-server]__1d2ea94._.js:7:705)
[changelog] publish-scheduled failed: TypeError: Cannot read properties of undefined (reading 'updateMany')
    at Object.d [as handler] (.next/server/chunks/ssr/[root-of-the-server]__0o9gti4._.js:13:1014)
    at N (.next/server/chunks/ssr/[root-of-the-server]__1d2ea94._.js:7:161)
    at O (.next/server/chunks/ssr/[root-of-the-server]__1d2ea94._.js:7:705)
[cron] currency-rate-refresh: failed to upsert USD: TypeError: Cannot read properties of undefined (reading 'upsert')
    at Object.d [as handler] (.next/server/chunks/ssr/[root-of-the-server]__1jgqau7._.js:13:1448)
    at async N (.next/server/chunks/ssr/[root-of-the-server]__1d2ea94._.js:7:153)
    at async O (.next/server/chunks/ssr/[root-of-the-server]__1d2ea94._.js:7:699)
[cron] currency-rate-refresh: failed to upsert AED: TypeError: Cannot read properties of undefined (reading 'upsert')
    at Object.d [as handler] (.next/server/chunks/ssr/[root-of-the-server]__1jgqau7._.js:13:1448)
    at async N (.next/server/chunks/ssr/[root-of-the-server]__1d2ea94._.js:7:153)
    at async O (.next/server/chunks/ssr/[root-of-the-server]__1d2ea94._.js:7:699)
[cron] currency-rate-refresh: failed to upsert AFN: TypeError: Cannot read properties of undefined (reading 'upsert')
    at Object.d [as handler] (.next/server/chunks/ssr/[root-of-the-server]__1jgqau7._.js:13:1448)
    at async N (.next/server/chunks/ssr/[root-of-the-server]__1d2ea94._.js:7:153)
    at async O (.next/server/chunks/ssr/[root-of-the-server]__1d2ea94._.js:7:699)
[cron] currency-rate-refresh: failed to upsert ALL: TypeError: Cannot read properties of undefined (reading 'upsert')
    at Object.d [as handler] (.next/server/chunks/ssr/[root-of-the-server]__1jgqau7._.js:13:1448)
    at async N (.next/server/chunks/ssr/[root-of-the-server]__1d2ea94._.js:7:153)
    at async O (.next/server/chunks/ssr/[root-of-the-server]__1d2ea94._.js:7:699)
[cron] currency-rate-refresh: failed to upsert AMD: TypeError: Cannot read properties of undefined (reading 'upsert')
    at Object.d [as handler] (.next/server/chunks/ssr/[root-of-the-server]__1jgqau7._.js:13:1448)
    at async N (.next/server/chunks/ssr/[root-of-the-server]__1d2ea94._.js:7:153)
    at async O (.next/server/chunks/ssr/[root-of-the-server]__1d2ea94._.js:7:699)
[cron] currency-rate-refresh: failed to upsert ANG: TypeError: Cannot read properties of undefined (reading 'upsert')
    at Object.d [as handler] (.next/server/chunks/ssr/[root-of-the-server]__1jgqau7._.js:13:1448)
    at async N (.next/server/chunks/ssr/[root-of-the-server]__1d2ea94._.js:7:153)
    at async O (.next/server/chunks/ssr/[root-of-the-server]__1d2ea94._.js:7:699)
[cron] currency-rate-refresh: failed to upsert AOA: TypeError: Cannot read properties of undefined (reading 'upsert')
    at Object.d [as handler] (.next/server/chunks/ssr/[root-of-the-server]__1jgqau7._.js:13:1448)
    at async N (.next/server/chunks/ssr/[root-of-the-server]__1d2ea94._.js:7:153)
    at async O (.next/server/chunks/ssr/[root-of-the-server]__1d2ea94._.js:7:699)
[cron] currency-rate-refresh: failed to upsert ARS: TypeError: Cannot read properties of undefined (reading 'upsert')
    at Object.d [as handler] (.next/server/chunks/ssr/[root-of-the-server]__1jgqau7._.js:13:1448)
    at async N (.next/server/chunks/ssr/[root-of-the-server]__1d2ea94._.js:7:153)
    at async O (.next/server/chunks/ssr/[root-of-the-server]__1d2ea94._.js:7:699)
[cron] currency-rate-refresh: failed to upsert AUD: TypeError: Cannot read properties of undefined (reading 'upsert')
    at Object.d [as handler] (.next/server/chunks/ssr/[root-of-the-server]__1jgqau7._.js:13:1448)
    at async N (.next/server/chunks/ssr/[root-of-the-server]__1d2ea94._.js:7:153)
    at async O (.next/server/chunks/ssr/[root-of-the-server]__1d2ea94._.js:7:699)
[cron] currency-rate-refresh: failed to upsert AWG: TypeError: Cannot read properties of undefined (reading 'upsert')
    at Object.d [as handler] (.next/server/chunks/ssr/[root-of-the-server]__1jgqau7._.js:13:1448)
    at async N (.next/server/chunks/ssr/[root-of-the-server]__1d2ea94._.js:7:153)
    at async O (.next/server/chunks/ssr/[root-of-the-server]__1d2ea94._.js:7:699)
[cron] currency-rate-refresh: failed to upsert AZN: TypeError: Cannot read properties of undefined (reading 'upsert')
    at Object.d [as handler] (.next/server/chunks/ssr/[root-of-the-server]__1jgqau7._.js:13:1448)
    at async N (.next/server/chunks/ssr/[root-of-the-server]__1d2ea94._.js:7:153)
    at async O (.next/server/chunks/ssr/[root-of-the-server]__1d2ea94._.js:7:699)
[cron] currency-rate-refresh: failed to upsert BAM: TypeError: Cannot read properties of undefined (reading 'upsert')
    at Object.d [as handler] (.next/server/chunks/ssr/[root-of-the-server]__1jgqau7._.js:13:1448)
    at async N (.next/server/chunks/ssr/[root-of-the-server]__1d2ea94._.js:7:153)
    at async O (.next/server/chunks/ssr/[root-of-the-server]__1d2ea94._.js:7:699)
[cron] currency-rate-refresh: failed to upsert BBD: TypeError: Cannot read properties of undefined (reading 'upsert')
    at Object.d [as handler] (.next/server/chunks/ssr/[root-of-the-server]__1jgqau7._.js:13:1448)
    at async N (.next/server/chunks/ssr/[root-of-the-server]__1d2ea94._.js:7:153)
    at async O (.next/server/chunks/ssr/[root-of-the-server]__1d2ea94._.js:7:699)
[cron] currency-rate-refresh: failed to upsert BDT: TypeError: Cannot read properties of undefined (reading 'upsert')
    at Object.d [as handler] (.next/server/chunks/ssr/[root-of-the-server]__1jgqau7._.js:13:1448)
    at async N (.next/server/chunks/ssr/[root-of-the-server]__1d2ea94._.js:7:153)
    at async O (.next/server/chunks/ssr/[root-of-the-server]__1d2ea94._.js:7:699)
[cron] currency-rate-refresh: failed to upsert BGN: TypeError: Cannot read properties of undefined (reading 'upsert')
    at Object.d [as handler] (.next/server/chunks/ssr/[root-of-the-server]__1jgqau7._.js:13:1448)
    at async N (.next/server/chunks/ssr/[root-of-the-server]__1d2ea94._.js:7:153)
    at async O (.next/server/chunks/ssr/[root-of-the-server]__1d2ea94._.js:7:699)
[cron] currency-rate-refresh: failed to upsert BHD: TypeError: Cannot read properties of undefined (reading 'upsert')
    at Object.d [as handler] (.next/server/chunks/ssr/[root-of-the-server]__1jgqau7._.js:13:1448)
    at async N (.next/server/chunks/ssr/[root-of-the-server]__1d2ea94._.js:7:153)
    at async O (.next/server/chunks/ssr/[root-of-the-server]__1d2ea94._.js:7:699)
[cron] currency-rate-refresh: failed to upsert BIF: TypeError: Cannot read properties of undefined (reading 'upsert')
    at Object.d [as handler] (.next/server/chunks/ssr/[root-of-the-server]__1jgqau7._.js:13:1448)
    at async N (.next/server/chunks/ssr/[root-of-the-server]__1d2ea94._.js:7:153)
    at async O (.next/server/chunks/ssr/[root-of-the-server]__1d2ea94._.js:7:699)
[cron] currency-rate-refresh: failed to upsert BMD: TypeError: Cannot read properties of undefined (reading 'upsert')
    at Object.d [as handler] (.next/server/chunks/ssr/[root-of-the-server]__1jgqau7._.js:13:1448)
    at async N (.next/server/chunks/ssr/[root-of-the-server]__1d2ea94._.js:7:153)
    at async O (.next/server/chunks/ssr/[root-of-the-server]__1d2ea94._.js:7:699)
[cron] currency-rate-refresh: failed to upsert BND: TypeError: Cannot read properties of undefined (reading 'upsert')
    at Object.d [as handler] (.next/server/chunks/ssr/[root-of-the-server]__1jgqau7._.js:13:1448)
    at async N (.next/server/chunks/ssr/[root-of-the-server]__1d2ea94._.js:7:153)
    at async O (.next/server/chunks/ssr/[root-of-the-server]__1d2ea94._.js:7:699)
[cron] currency-rate-refresh: failed to upsert BOB: TypeError: Cannot read properties of undefined (reading 'upsert')
    at Object.d [as handler] (.next/server/chunks/ssr/[root-of-the-server]__1jgqau7._.js:13:1448)
    at async N (.next/server/chunks/ssr/[root-of-the-server]__1d2ea94._.js:7:153)
    at async O (.next/server/chunks/ssr/[root-of-the-server]__1d2ea94._.js:7:699)
[cron] currency-rate-refresh: failed to upsert BRL: TypeError: Cannot read properties of undefined (reading 'upsert')
    at Object.d [as handler] (.next/server/chunks/ssr/[root-of-the-server]__1jgqau7._.js:13:1448)
    at async N (.next/server/chunks/ssr/[root-of-the-server]__1d2ea94._.js:7:153)
    at async O (.next/server/chunks/ssr/[root-of-the-server]__1d2ea94._.js:7:699)
[cron] currency-rate-refresh: failed to upsert BSD: TypeError: Cannot read properties of undefined (reading 'upsert')
    at Object.d [as handler] (.next/server/chunks/ssr/[root-of-the-server]__1jgqau7._.js:13:1448)
    at async N (.next/server/chunks/ssr/[root-of-the-server]__1d2ea94._.js:7:153)
    at async O (.next/server/chunks/ssr/[root-of-the-server]__1d2ea94._.js:7:699)
[cron] currency-rate-refresh: failed to upsert BTN: TypeError: Cannot read properties of undefined (reading 'upsert')
    at Object.d [as handler] (.next/server/chunks/ssr/[root-of-the-server]__1jgqau7._.js:13:1448)
    at async N (.next/server/chunks/ssr/[root-of-the-server]__1d2ea94._.js:7:153)
    at async O (.next/server/chunks/ssr/[root-of-the-server]__1d2ea94._.js:7:699)
[cron] currency-rate-refresh: failed to upsert BWP: TypeError: Cannot read properties of undefined (reading 'upsert')
    at Object.d [as handler] (.next/server/chunks/ssr/[root-of-the-server]__1jgqau7._.js:13:1448)
    at async N (.next/server/chunks/ssr/[root-of-the-server]__1d2ea94._.js:7:153)
    at async O (.next/server/chunks/ssr/[root-of-the-server]__1d2ea94._.js:7:699)
[cron] currency-rate-refresh: failed to upsert BYN: TypeError: Cannot read properties of undefined (reading 'upsert')
    at Object.d [as handler] (.next/server/chunks/ssr/[root-of-the-server]__1jgqau7._.js:13:1448)
    at async N (.next/server/chunks/ssr/[root-of-the-server]__1d2ea94._.js:7:153)
    at async O (.next/server/chunks/ssr/[root-of-the-server]__1d2ea94._.js:7:699)
[cron] currency-rate-refresh: failed to upsert BZD: TypeError: Cannot read properties of undefined (reading 'upsert')
    at Object.d [as handler] (.next/server/chunks/ssr/[root-of-the-server]__1jgqau7._.js:13:1448)
    at async N (.next/server/chunks/ssr/[root-of-the-server]__1d2ea94._.js:7:153)
    at async O (.next/server/chunks/ssr/[root-of-the-server]__1d2ea94._.js:7:699)
[cron] currency-rate-refresh: failed to upsert CAD: TypeError: Cannot read properties of undefined (reading 'upsert')
    at Object.d [as handler] (.next/server/chunks/ssr/[root-of-the-server]__1jgqau7._.js:13:1448)
    at async N (.next/server/chunks/ssr/[root-of-the-server]__1d2ea94._.js:7:153)
    at async O (.next/server/chunks/ssr/[root-of-the-server]__1d2ea94._.js:7:699)
[cron] currency-rate-refresh: failed to upsert CDF: TypeError: Cannot read properties of undefined (reading 'upsert')
    at Object.d [as handler] (.next/server/chunks/ssr/[root-of-the-server]__1jgqau7._.js:13:1448)
    at async N (.next/server/chunks/ssr/[root-of-the-server]__1d2ea94._.js:7:153)
    at async O (.next/server/chunks/ssr/[root-of-the-server]__1d2ea94._.js:7:699)
[cron] currency-rate-refresh: failed to upsert CHF: TypeError: Cannot read properties of undefined (reading 'upsert')
    at Object.d [as handler] (.next/server/chunks/ssr/[root-of-the-server]__1jgqau7._.js:13:1448)
    at async N (.next/server/chunks/ssr/[root-of-the-server]__1d2ea94._.js:7:153)
    at async O (.next/server/chunks/ssr/[root-of-the-server]__1d2ea94._.js:7:699)
[cron] currency-rate-refresh: failed to upsert CLF: TypeError: Cannot read properties of undefined (reading 'upsert')
    at Object.d [as handler] (.next/server/chunks/ssr/[root-of-the-server]__1jgqau7._.js:13:1448)
    at async N (.next/server/chunks/ssr/[root-of-the-server]__1d2ea94._.js:7:153)
    at async O (.next/server/chunks/ssr/[root-of-the-server]__1d2ea94._.js:7:699)
[cron] currency-rate-refresh: failed to upsert CLP: TypeError: Cannot read properties of undefined (reading 'upsert')
    at Object.d [as handler] (.next/server/chunks/ssr/[root-of-the-server]__1jgqau7._.js:13:1448)
    at async N (.next/server/chunks/ssr/[root-of-the-server]__1d2ea94._.js:7:153)
    at async O (.next/server/chunks/ssr/[root-of-the-server]__1d2ea94._.js:7:699)
[cron] currency-rate-refresh: failed to upsert CNH: TypeError: Cannot read properties of undefined (reading 'upsert')
    at Object.d [as handler] (.next/server/chunks/ssr/[root-of-the-server]__1jgqau7._.js:13:1448)
    at async N (.next/server/chunks/ssr/[root-of-the-server]__1d2ea94._.js:7:153)
    at async O (.next/server/chunks/ssr/[root-of-the-server]__1d2ea94._.js:7:699)
[cron] currency-rate-refresh: failed to upsert CNY: TypeError: Cannot read properties of undefined (reading 'upsert')
    at Object.d [as handler] (.next/server/chunks/ssr/[root-of-the-server]__1jgqau7._.js:13:1448)
    at async N (.next/server/chunks/ssr/[root-of-the-server]__1d2ea94._.js:7:153)
    at async O (.next/server/chunks/ssr/[root-of-the-server]__1d2ea94._.js:7:699)
[cron] currency-rate-refresh: failed to upsert COP: TypeError: Cannot read properties of undefined (reading 'upsert')
    at Object.d [as handler] (.next/server/chunks/ssr/[root-of-the-server]__1jgqau7._.js:13:1448)
    at async N (.next/server/chunks/ssr/[root-of-the-server]__1d2ea94._.js:7:153)
    at async O (.next/server/chunks/ssr/[root-of-the-server]__1d2ea94._.js:7:699)
[cron] currency-rate-refresh: failed to upsert CRC: TypeError: Cannot read properties of undefined (reading 'upsert')
    at Object.d [as handler] (.next/server/chunks/ssr/[root-of-the-server]__1jgqau7._.js:13:1448)
    at async N (.next/server/chunks/ssr/[root-of-the-server]__1d2ea94._.js:7:153)
    at async O (.next/server/chunks/ssr/[root-of-the-server]__1d2ea94._.js:7:699)
[cron] currency-rate-refresh: failed to upsert CUP: TypeError: Cannot read properties of undefined (reading 'upsert')
    at Object.d [as handler] (.next/server/chunks/ssr/[root-of-the-server]__1jgqau7._.js:13:1448)
    at async N (.next/server/chunks/ssr/[root-of-the-server]__1d2ea94._.js:7:153)
    at async O (.next/server/chunks/ssr/[root-of-the-server]__1d2ea94._.js:7:699)
[cron] currency-rate-refresh: failed to upsert CVE: TypeError: Cannot read properties of undefined (reading 'upsert')
    at Object.d [as handler] (.next/server/chunks/ssr/[root-of-the-server]__1jgqau7._.js:13:1448)
    at async N (.next/server/chunks/ssr/[root-of-the-server]__1d2ea94._.js:7:153)
    at async O (.next/server/chunks/ssr/[root-of-the-server]__1d2ea94._.js:7:699)
[cron] currency-rate-refresh: failed to upsert CZK: TypeError: Cannot read properties of undefined (reading 'upsert')
    at Object.d [as handler] (.next/server/chunks/ssr/[root-of-the-server]__1jgqau7._.js:13:1448)
    at async N (.next/server/chunks/ssr/[root-of-the-server]__1d2ea94._.js:7:153)
    at async O (.next/server/chunks/ssr/[root-of-the-server]__1d2ea94._.js:7:699)
[cron] currency-rate-refresh: failed to upsert DJF: TypeError: Cannot read properties of undefined (reading 'upsert')
    at Object.d [as handler] (.next/server/chunks/ssr/[root-of-the-server]__1jgqau7._.js:13:1448)
    at async N (.next/server/chunks/ssr/[root-of-the-server]__1d2ea94._.js:7:153)
    at async O (.next/server/chunks/ssr/[root-of-the-server]__1d2ea94._.js:7:699)
[cron] currency-rate-refresh: failed to upsert DKK: TypeError: Cannot read properties of undefined (reading 'upsert')
    at Object.d [as handler] (.next/server/chunks/ssr/[root-of-the-server]__1jgqau7._.js:13:1448)
    at async N (.next/server/chunks/ssr/[root-of-the-server]__1d2ea94._.js:7:153)
    at async O (.next/server/chunks/ssr/[root-of-the-server]__1d2ea94._.js:7:699)
[cron] currency-rate-refresh: failed to upsert DOP: TypeError: Cannot read properties of undefined (reading 'upsert')
    at Object.d [as handler] (.next/server/chunks/ssr/[root-of-the-server]__1jgqau7._.js:13:1448)
    at async N (.next/server/chunks/ssr/[root-of-the-server]__1d2ea94._.js:7:153)
    at async O (.next/server/chunks/ssr/[root-of-the-server]__1d2ea94._.js:7:699)
[cron] currency-rate-refresh: failed to upsert DZD: TypeError: Cannot read properties of undefined (reading 'upsert')
    at Object.d [as handler] (.next/server/chunks/ssr/[root-of-the-server]__1jgqau7._.js:13:1448)
    at async N (.next/server/chunks/ssr/[root-of-the-server]__1d2ea94._.js:7:153)
    at async O (.next/server/chunks/ssr/[root-of-the-server]__1d2ea94._.js:7:699)
[cron] currency-rate-refresh: failed to upsert EGP: TypeError: Cannot read properties of undefined (reading 'upsert')
    at Object.d [as handler] (.next/server/chunks/ssr/[root-of-the-server]__1jgqau7._.js:13:1448)
    at async N (.next/server/chunks/ssr/[root-of-the-server]__1d2ea94._.js:7:153)
    at async O (.next/server/chunks/ssr/[root-of-the-server]__1d2ea94._.js:7:699)
[cron] currency-rate-refresh: failed to upsert ERN: TypeError: Cannot read properties of undefined (reading 'upsert')
    at Object.d [as handler] (.next/server/chunks/ssr/[root-of-the-server]__1jgqau7._.js:13:1448)
    at async N (.next/server/chunks/ssr/[root-of-the-server]__1d2ea94._.js:7:153)
    at async O (.next/server/chunks/ssr/[root-of-the-server]__1d2ea94._.js:7:699)
[cron] currency-rate-refresh: failed to upsert ETB: TypeError: Cannot read properties of undefined (reading 'upsert')
    at Object.d [as handler] (.next/server/chunks/ssr/[root-of-the-server]__1jgqau7._.js:13:1448)
    at async N (.next/server/chunks/ssr/[root-of-the-server]__1d2ea94._.js:7:153)
    at async O (.next/server/chunks/ssr/[root-of-the-server]__1d2ea94._.js:7:699)
[cron] currency-rate-refresh: failed to upsert EUR: TypeError: Cannot read properties of undefined (reading 'upsert')
    at Object.d [as handler] (.next/server/chunks/ssr/[root-of-the-server]__1jgqau7._.js:13:1448)
    at async N (.next/server/chunks/ssr/[root-of-the-server]__1d2ea94._.js:7:153)
    at async O (.next/server/chunks/ssr/[root-of-the-server]__1d2ea94._.js:7:699)
[cron] currency-rate-refresh: failed to upsert FJD: TypeError: Cannot read properties of undefined (reading 'upsert')
    at Object.d [as handler] (.next/server/chunks/ssr/[root-of-the-server]__1jgqau7._.js:13:1448)
    at async N (.next/server/chunks/ssr/[root-of-the-server]__1d2ea94._.js:7:153)
    at async O (.next/server/chunks/ssr/[root-of-the-server]__1d2ea94._.js:7:699)
[cron] currency-rate-refresh: failed to upsert FKP: TypeError: Cannot read properties of undefined (reading 'upsert')
    at Object.d [as handler] (.next/server/chunks/ssr/[root-of-the-server]__1jgqau7._.js:13:1448)
    at async N (.next/server/chunks/ssr/[root-of-the-server]__1d2ea94._.js:7:153)
    at async O (.next/server/chunks/ssr/[root-of-the-server]__1d2ea94._.js:7:699)
[cron] currency-rate-refresh: failed to upsert FOK: TypeError: Cannot read properties of undefined (reading 'upsert')
    at Object.d [as handler] (.next/server/chunks/ssr/[root-of-the-server]__1jgqau7._.js:13:1448)
    at async N (.next/server/chunks/ssr/[root-of-the-server]__1d2ea94._.js:7:153)
    at async O (.next/server/chunks/ssr/[root-of-the-server]__1d2ea94._.js:7:699)
[cron] currency-rate-refresh: failed to upsert GBP: TypeError: Cannot read properties of undefined (reading 'upsert')
    at Object.d [as handler] (.next/server/chunks/ssr/[root-of-the-server]__1jgqau7._.js:13:1448)
    at async N (.next/server/chunks/ssr/[root-of-the-server]__1d2ea94._.js:7:153)
    at async O (.next/server/chunks/ssr/[root-of-the-server]__1d2ea94._.js:7:699)
[cron] currency-rate-refresh: failed to upsert GEL: TypeError: Cannot read properties of undefined (reading 'upsert')
    at Object.d [as handler] (.next/server/chunks/ssr/[root-of-the-server]__1jgqau7._.js:13:1448)
    at async N (.next/server/chunks/ssr/[root-of-the-server]__1d2ea94._.js:7:153)
    at async O (.next/server/chunks/ssr/[root-of-the-server]__1d2ea94._.js:7:699)
[cron] currency-rate-refresh: failed to upsert GGP: TypeError: Cannot read properties of undefined (reading 'upsert')
    at Object.d [as handler] (.next/server/chunks/ssr/[root-of-the-server]__1jgqau7._.js:13:1448)
    at async N (.next/server/chunks/ssr/[root-of-the-server]__1d2ea94._.js:7:153)
    at async O (.next/server/chunks/ssr/[root-of-the-server]__1d2ea94._.js:7:699)
[cron] currency-rate-refresh: failed to upsert GHS: TypeError: Cannot read properties of undefined (reading 'upsert')
    at Object.d [as handler] (.next/server/chunks/ssr/[root-of-the-server]__1jgqau7._.js:13:1448)
    at async N (.next/server/chunks/ssr/[root-of-the-server]__1d2ea94._.js:7:153)
    at async O (.next/server/chunks/ssr/[root-of-the-server]__1d2ea94._.js:7:699)
[cron] currency-rate-refresh: failed to upsert GIP: TypeError: Cannot read properties of undefined (reading 'upsert')
    at Object.d [as handler] (.next/server/chunks/ssr/[root-of-the-server]__1jgqau7._.js:13:1448)
    at async N (.next/server/chunks/ssr/[root-of-the-server]__1d2ea94._.js:7:153)
    at async O (.next/server/chunks/ssr/[root-of-the-server]__1d2ea94._.js:7:699)
[cron] currency-rate-refresh: failed to upsert GMD: TypeError: Cannot read properties of undefined (reading 'upsert')
    at Object.d [as handler] (.next/server/chunks/ssr/[root-of-the-server]__1jgqau7._.js:13:1448)
    at async N (.next/server/chunks/ssr/[root-of-the-server]__1d2ea94._.js:7:153)
    at async O (.next/server/chunks/ssr/[root-of-the-server]__1d2ea94._.js:7:699)
[cron] currency-rate-refresh: failed to upsert GNF: TypeError: Cannot read properties of undefined (reading 'upsert')
    at Object.d [as handler] (.next/server/chunks/ssr/[root-of-the-server]__1jgqau7._.js:13:1448)
    at async N (.next/server/chunks/ssr/[root-of-the-server]__1d2ea94._.js:7:153)
    at async O (.next/server/chunks/ssr/[root-of-the-server]__1d2ea94._.js:7:699)
[cron] currency-rate-refresh: failed to upsert GTQ: TypeError: Cannot read properties of undefined (reading 'upsert')
    at Object.d [as handler] (.next/server/chunks/ssr/[root-of-the-server]__1jgqau7._.js:13:1448)
    at async N (.next/server/chunks/ssr/[root-of-the-server]__1d2ea94._.js:7:153)
    at async O (.next/server/chunks/ssr/[root-of-the-server]__1d2ea94._.js:7:699)
[cron] currency-rate-refresh: failed to upsert GYD: TypeError: Cannot read properties of undefined (reading 'upsert')
    at Object.d [as handler] (.next/server/chunks/ssr/[root-of-the-server]__1jgqau7._.js:13:1448)
    at async N (.next/server/chunks/ssr/[root-of-the-server]__1d2ea94._.js:7:153)
    at async O (.next/server/chunks/ssr/[root-of-the-server]__1d2ea94._.js:7:699)
[cron] currency-rate-refresh: failed to upsert HKD: TypeError: Cannot read properties of undefined (reading 'upsert')
    at Object.d [as handler] (.next/server/chunks/ssr/[root-of-the-server]__1jgqau7._.js:13:1448)
    at async N (.next/server/chunks/ssr/[root-of-the-server]__1d2ea94._.js:7:153)
    at async O (.next/server/chunks/ssr/[root-of-the-server]__1d2ea94._.js:7:699)
[cron] currency-rate-refresh: failed to upsert HNL: TypeError: Cannot read properties of undefined (reading 'upsert')
    at Object.d [as handler] (.next/server/chunks/ssr/[root-of-the-server]__1jgqau7._.js:13:1448)
    at async N (.next/server/chunks/ssr/[root-of-the-server]__1d2ea94._.js:7:153)
    at async O (.next/server/chunks/ssr/[root-of-the-server]__1d2ea94._.js:7:699)
[cron] currency-rate-refresh: failed to upsert HRK: TypeError: Cannot read properties of undefined (reading 'upsert')
    at Object.d [as handler] (.next/server/chunks/ssr/[root-of-the-server]__1jgqau7._.js:13:1448)
    at async N (.next/server/chunks/ssr/[root-of-the-server]__1d2ea94._.js:7:153)
    at async O (.next/server/chunks/ssr/[root-of-the-server]__1d2ea94._.js:7:699)
[cron] currency-rate-refresh: failed to upsert HTG: TypeError: Cannot read properties of undefined (reading 'upsert')
    at Object.d [as handler] (.next/server/chunks/ssr/[root-of-the-server]__1jgqau7._.js:13:1448)
    at async N (.next/server/chunks/ssr/[root-of-the-server]__1d2ea94._.js:7:153)
    at async O (.next/server/chunks/ssr/[root-of-the-server]__1d2ea94._.js:7:699)
[cron] currency-rate-refresh: failed to upsert HUF: TypeError: Cannot read properties of undefined (reading 'upsert')
    at Object.d [as handler] (.next/server/chunks/ssr/[root-of-the-server]__1jgqau7._.js:13:1448)
    at async N (.next/server/chunks/ssr/[root-of-the-server]__1d2ea94._.js:7:153)
    at async O (.next/server/chunks/ssr/[root-of-the-server]__1d2ea94._.js:7:699)
[cron] currency-rate-refresh: failed to upsert IDR: TypeError: Cannot read properties of undefined (reading 'upsert')
    at Object.d [as handler] (.next/server/chunks/ssr/[root-of-the-server]__1jgqau7._.js:13:1448)
    at async N (.next/server/chunks/ssr/[root-of-the-server]__1d2ea94._.js:7:153)
    at async O (.next/server/chunks/ssr/[root-of-the-server]__1d2ea94._.js:7:699)
[cron] currency-rate-refresh: failed to upsert ILS: TypeError: Cannot read properties of undefined (reading 'upsert')
    at Object.d [as handler] (.next/server/chunks/ssr/[root-of-the-server]__1jgqau7._.js:13:1448)
    at async N (.next/server/chunks/ssr/[root-of-the-server]__1d2ea94._.js:7:153)
    at async O (.next/server/chunks/ssr/[root-of-the-server]__1d2ea94._.js:7:699)
[cron] currency-rate-refresh: failed to upsert IMP: TypeError: Cannot read properties of undefined (reading 'upsert')
    at Object.d [as handler] (.next/server/chunks/ssr/[root-of-the-server]__1jgqau7._.js:13:1448)
    at async N (.next/server/chunks/ssr/[root-of-the-server]__1d2ea94._.js:7:153)
    at async O (.next/server/chunks/ssr/[root-of-the-server]__1d2ea94._.js:7:699)
[cron] currency-rate-refresh: failed to upsert INR: TypeError: Cannot read properties of undefined (reading 'upsert')
    at Object.d [as handler] (.next/server/chunks/ssr/[root-of-the-server]__1jgqau7._.js:13:1448)
    at async N (.next/server/chunks/ssr/[root-of-the-server]__1d2ea94._.js:7:153)
    at async O (.next/server/chunks/ssr/[root-of-the-server]__1d2ea94._.js:7:699)
[cron] currency-rate-refresh: failed to upsert IQD: TypeError: Cannot read properties of undefined (reading 'upsert')
    at Object.d [as handler] (.next/server/chunks/ssr/[root-of-the-server]__1jgqau7._.js:13:1448)
    at async N (.next/server/chunks/ssr/[root-of-the-server]__1d2ea94._.js:7:153)
    at async O (.next/server/chunks/ssr/[root-of-the-server]__1d2ea94._.js:7:699)
[cron] currency-rate-refresh: failed to upsert IRR: TypeError: Cannot read properties of undefined (reading 'upsert')
    at Object.d [as handler] (.next/server/chunks/ssr/[root-of-the-server]__1jgqau7._.js:13:1448)
    at async N (.next/server/chunks/ssr/[root-of-the-server]__1d2ea94._.js:7:153)
    at async O (.next/server/chunks/ssr/[root-of-the-server]__1d2ea94._.js:7:699)
[cron] currency-rate-refresh: failed to upsert ISK: TypeError: Cannot read properties of undefined (reading 'upsert')
    at Object.d [as handler] (.next/server/chunks/ssr/[root-of-the-server]__1jgqau7._.js:13:1448)
    at async N (.next/server/chunks/ssr/[root-of-the-server]__1d2ea94._.js:7:153)
    at async O (.next/server/chunks/ssr/[root-of-the-server]__1d2ea94._.js:7:699)
[cron] currency-rate-refresh: failed to upsert JEP: TypeError: Cannot read properties of undefined (reading 'upsert')
    at Object.d [as handler] (.next/server/chunks/ssr/[root-of-the-server]__1jgqau7._.js:13:1448)
    at async N (.next/server/chunks/ssr/[root-of-the-server]__1d2ea94._.js:7:153)
    at async O (.next/server/chunks/ssr/[root-of-the-server]__1d2ea94._.js:7:699)
[cron] currency-rate-refresh: failed to upsert JMD: TypeError: Cannot read properties of undefined (reading 'upsert')
    at Object.d [as handler] (.next/server/chunks/ssr/[root-of-the-server]__1jgqau7._.js:13:1448)
    at async N (.next/server/chunks/ssr/[root-of-the-server]__1d2ea94._.js:7:153)
    at async O (.next/server/chunks/ssr/[root-of-the-server]__1d2ea94._.js:7:699)
[cron] currency-rate-refresh: failed to upsert JOD: TypeError: Cannot read properties of undefined (reading 'upsert')
    at Object.d [as handler] (.next/server/chunks/ssr/[root-of-the-server]__1jgqau7._.js:13:1448)
    at async N (.next/server/chunks/ssr/[root-of-the-server]__1d2ea94._.js:7:153)
    at async O (.next/server/chunks/ssr/[root-of-the-server]__1d2ea94._.js:7:699)
[cron] currency-rate-refresh: failed to upsert JPY: TypeError: Cannot read properties of undefined (reading 'upsert')
    at Object.d [as handler] (.next/server/chunks/ssr/[root-of-the-server]__1jgqau7._.js:13:1448)
    at async N (.next/server/chunks/ssr/[root-of-the-server]__1d2ea94._.js:7:153)
    at async O (.next/server/chunks/ssr/[root-of-the-server]__1d2ea94._.js:7:699)
[cron] currency-rate-refresh: failed to upsert KES: TypeError: Cannot read properties of undefined (reading 'upsert')
    at Object.d [as handler] (.next/server/chunks/ssr/[root-of-the-server]__1jgqau7._.js:13:1448)
    at async N (.next/server/chunks/ssr/[root-of-the-server]__1d2ea94._.js:7:153)
    at async O (.next/server/chunks/ssr/[root-of-the-server]__1d2ea94._.js:7:699)
[cron] currency-rate-refresh: failed to upsert KGS: TypeError: Cannot read properties of undefined (reading 'upsert')
    at Object.d [as handler] (.next/server/chunks/ssr/[root-of-the-server]__1jgqau7._.js:13:1448)
    at async N (.next/server/chunks/ssr/[root-of-the-server]__1d2ea94._.js:7:153)
    at async O (.next/server/chunks/ssr/[root-of-the-server]__1d2ea94._.js:7:699)
[cron] currency-rate-refresh: failed to upsert KHR: TypeError: Cannot read properties of undefined (reading 'upsert')
    at Object.d [as handler] (.next/server/chunks/ssr/[root-of-the-server]__1jgqau7._.js:13:1448)
    at async N (.next/server/chunks/ssr/[root-of-the-server]__1d2ea94._.js:7:153)
    at async O (.next/server/chunks/ssr/[root-of-the-server]__1d2ea94._.js:7:699)
[cron] currency-rate-refresh: failed to upsert KID: TypeError: Cannot read properties of undefined (reading 'upsert')
    at Object.d [as handler] (.next/server/chunks/ssr/[root-of-the-server]__1jgqau7._.js:13:1448)
    at async N (.next/server/chunks/ssr/[root-of-the-server]__1d2ea94._.js:7:153)
    at async O (.next/server/chunks/ssr/[root-of-the-server]__1d2ea94._.js:7:699)
[cron] currency-rate-refresh: failed to upsert KMF: TypeError: Cannot read properties of undefined (reading 'upsert')
    at Object.d [as handler] (.next/server/chunks/ssr/[root-of-the-server]__1jgqau7._.js:13:1448)
    at async N (.next/server/chunks/ssr/[root-of-the-server]__1d2ea94._.js:7:153)
    at async O (.next/server/chunks/ssr/[root-of-the-server]__1d2ea94._.js:7:699)
[cron] currency-rate-refresh: failed to upsert KRW: TypeError: Cannot read properties of undefined (reading 'upsert')
    at Object.d [as handler] (.next/server/chunks/ssr/[root-of-the-server]__1jgqau7._.js:13:1448)
    at async N (.next/server/chunks/ssr/[root-of-the-server]__1d2ea94._.js:7:153)
    at async O (.next/server/chunks/ssr/[root-of-the-server]__1d2ea94._.js:7:699)
[cron] currency-rate-refresh: failed to upsert KWD: TypeError: Cannot read properties of undefined (reading 'upsert')
    at Object.d [as handler] (.next/server/chunks/ssr/[root-of-the-server]__1jgqau7._.js:13:1448)
    at async N (.next/server/chunks/ssr/[root-of-the-server]__1d2ea94._.js:7:153)
    at async O (.next/server/chunks/ssr/[root-of-the-server]__1d2ea94._.js:7:699)
[cron] currency-rate-refresh: failed to upsert KYD: TypeError: Cannot read properties of undefined (reading 'upsert')
    at Object.d [as handler] (.next/server/chunks/ssr/[root-of-the-server]__1jgqau7._.js:13:1448)
    at async N (.next/server/chunks/ssr/[root-of-the-server]__1d2ea94._.js:7:153)
    at async O (.next/server/chunks/ssr/[root-of-the-server]__1d2ea94._.js:7:699)
[cron] currency-rate-refresh: failed to upsert KZT: TypeError: Cannot read properties of undefined (reading 'upsert')
    at Object.d [as handler] (.next/server/chunks/ssr/[root-of-the-server]__1jgqau7._.js:13:1448)
    at async N (.next/server/chunks/ssr/[root-of-the-server]__1d2ea94._.js:7:153)
    at async O (.next/server/chunks/ssr/[root-of-the-server]__1d2ea94._.js:7:699)
[cron] currency-rate-refresh: failed to upsert LAK: TypeError: Cannot read properties of undefined (reading 'upsert')
    at Object.d [as handler] (.next/server/chunks/ssr/[root-of-the-server]__1jgqau7._.js:13:1448)
    at async N (.next/server/chunks/ssr/[root-of-the-server]__1d2ea94._.js:7:153)
    at async O (.next/server/chunks/ssr/[root-of-the-server]__1d2ea94._.js:7:699)
[cron] currency-rate-refresh: failed to upsert LBP: TypeError: Cannot read properties of undefined (reading 'upsert')
    at Object.d [as handler] (.next/server/chunks/ssr/[root-of-the-server]__1jgqau7._.js:13:1448)
    at async N (.next/server/chunks/ssr/[root-of-the-server]__1d2ea94._.js:7:153)
    at async O (.next/server/chunks/ssr/[root-of-the-server]__1d2ea94._.js:7:699)
[cron] currency-rate-refresh: failed to upsert LKR: TypeError: Cannot read properties of undefined (reading 'upsert')
    at Object.d [as handler] (.next/server/chunks/ssr/[root-of-the-server]__1jgqau7._.js:13:1448)
    at async N (.next/server/chunks/ssr/[root-of-the-server]__1d2ea94._.js:7:153)
    at async O (.next/server/chunks/ssr/[root-of-the-server]__1d2ea94._.js:7:699)
[cron] currency-rate-refresh: failed to upsert LRD: TypeError: Cannot read properties of undefined (reading 'upsert')
    at Object.d [as handler] (.next/server/chunks/ssr/[root-of-the-server]__1jgqau7._.js:13:1448)
    at async N (.next/server/chunks/ssr/[root-of-the-server]__1d2ea94._.js:7:153)
    at async O (.next/server/chunks/ssr/[root-of-the-server]__1d2ea94._.js:7:699)
[cron] currency-rate-refresh: failed to upsert LSL: TypeError: Cannot read properties of undefined (reading 'upsert')
    at Object.d [as handler] (.next/server/chunks/ssr/[root-of-the-server]__1jgqau7._.js:13:1448)
    at async N (.next/server/chunks/ssr/[root-of-the-server]__1d2ea94._.js:7:153)
    at async O (.next/server/chunks/ssr/[root-of-the-server]__1d2ea94._.js:7:699)
[cron] currency-rate-refresh: failed to upsert LYD: TypeError: Cannot read properties of undefined (reading 'upsert')
    at Object.d [as handler] (.next/server/chunks/ssr/[root-of-the-server]__1jgqau7._.js:13:1448)
    at async N (.next/server/chunks/ssr/[root-of-the-server]__1d2ea94._.js:7:153)
    at async O (.next/server/chunks/ssr/[root-of-the-server]__1d2ea94._.js:7:699)
[cron] currency-rate-refresh: failed to upsert MAD: TypeError: Cannot read properties of undefined (reading 'upsert')
    at Object.d [as handler] (.next/server/chunks/ssr/[root-of-the-server]__1jgqau7._.js:13:1448)
    at async N (.next/server/chunks/ssr/[root-of-the-server]__1d2ea94._.js:7:153)
    at async O (.next/server/chunks/ssr/[root-of-the-server]__1d2ea94._.js:7:699)
[cron] currency-rate-refresh: failed to upsert MDL: TypeError: Cannot read properties of undefined (reading 'upsert')
    at Object.d [as handler] (.next/server/chunks/ssr/[root-of-the-server]__1jgqau7._.js:13:1448)
    at async N (.next/server/chunks/ssr/[root-of-the-server]__1d2ea94._.js:7:153)
    at async O (.next/server/chunks/ssr/[root-of-the-server]__1d2ea94._.js:7:699)
[cron] currency-rate-refresh: failed to upsert MGA: TypeError: Cannot read properties of undefined (reading 'upsert')
    at Object.d [as handler] (.next/server/chunks/ssr/[root-of-the-server]__1jgqau7._.js:13:1448)
    at async N (.next/server/chunks/ssr/[root-of-the-server]__1d2ea94._.js:7:153)
    at async O (.next/server/chunks/ssr/[root-of-the-server]__1d2ea94._.js:7:699)
[cron] currency-rate-refresh: failed to upsert MKD: TypeError: Cannot read properties of undefined (reading 'upsert')
    at Object.d [as handler] (.next/server/chunks/ssr/[root-of-the-server]__1jgqau7._.js:13:1448)
    at async N (.next/server/chunks/ssr/[root-of-the-server]__1d2ea94._.js:7:153)
    at async O (.next/server/chunks/ssr/[root-of-the-server]__1d2ea94._.js:7:699)
[cron] currency-rate-refresh: failed to upsert MMK: TypeError: Cannot read properties of undefined (reading 'upsert')
    at Object.d [as handler] (.next/server/chunks/ssr/[root-of-the-server]__1jgqau7._.js:13:1448)
    at async N (.next/server/chunks/ssr/[root-of-the-server]__1d2ea94._.js:7:153)
    at async O (.next/server/chunks/ssr/[root-of-the-server]__1d2ea94._.js:7:699)
[cron] currency-rate-refresh: failed to upsert MNT: TypeError: Cannot read properties of undefined (reading 'upsert')
    at Object.d [as handler] (.next/server/chunks/ssr/[root-of-the-server]__1jgqau7._.js:13:1448)
    at async N (.next/server/chunks/ssr/[root-of-the-server]__1d2ea94._.js:7:153)
    at async O (.next/server/chunks/ssr/[root-of-the-server]__1d2ea94._.js:7:699)
[cron] currency-rate-refresh: failed to upsert MOP: TypeError: Cannot read properties of undefined (reading 'upsert')
    at Object.d [as handler] (.next/server/chunks/ssr/[root-of-the-server]__1jgqau7._.js:13:1448)
    at async N (.next/server/chunks/ssr/[root-of-the-server]__1d2ea94._.js:7:153)
    at async O (.next/server/chunks/ssr/[root-of-the-server]__1d2ea94._.js:7:699)
[cron] currency-rate-refresh: failed to upsert MRU: TypeError: Cannot read properties of undefined (reading 'upsert')
    at Object.d [as handler] (.next/server/chunks/ssr/[root-of-the-server]__1jgqau7._.js:13:1448)
    at async N (.next/server/chunks/ssr/[root-of-the-server]__1d2ea94._.js:7:153)
    at async O (.next/server/chunks/ssr/[root-of-the-server]__1d2ea94._.js:7:699)
[cron] currency-rate-refresh: failed to upsert MUR: TypeError: Cannot read properties of undefined (reading 'upsert')
    at Object.d [as handler] (.next/server/chunks/ssr/[root-of-the-server]__1jgqau7._.js:13:1448)
    at async N (.next/server/chunks/ssr/[root-of-the-server]__1d2ea94._.js:7:153)
    at async O (.next/server/chunks/ssr/[root-of-the-server]__1d2ea94._.js:7:699)
[cron] currency-rate-refresh: failed to upsert MVR: TypeError: Cannot read properties of undefined (reading 'upsert')
    at Object.d [as handler] (.next/server/chunks/ssr/[root-of-the-server]__1jgqau7._.js:13:1448)
    at async N (.next/server/chunks/ssr/[root-of-the-server]__1d2ea94._.js:7:153)
    at async O (.next/server/chunks/ssr/[root-of-the-server]__1d2ea94._.js:7:699)
[cron] currency-rate-refresh: failed to upsert MWK: TypeError: Cannot read properties of undefined (reading 'upsert')
    at Object.d [as handler] (.next/server/chunks/ssr/[root-of-the-server]__1jgqau7._.js:13:1448)
    at async N (.next/server/chunks/ssr/[root-of-the-server]__1d2ea94._.js:7:153)
    at async O (.next/server/chunks/ssr/[root-of-the-server]__1d2ea94._.js:7:699)
[cron] currency-rate-refresh: failed to upsert MXN: TypeError: Cannot read properties of undefined (reading 'upsert')
    at Object.d [as handler] (.next/server/chunks/ssr/[root-of-the-server]__1jgqau7._.js:13:1448)
    at async N (.next/server/chunks/ssr/[root-of-the-server]__1d2ea94._.js:7:153)
    at async O (.next/server/chunks/ssr/[root-of-the-server]__1d2ea94._.js:7:699)
[cron] currency-rate-refresh: failed to upsert MYR: TypeError: Cannot read properties of undefined (reading 'upsert')
    at Object.d [as handler] (.next/server/chunks/ssr/[root-of-the-server]__1jgqau7._.js:13:1448)
    at async N (.next/server/chunks/ssr/[root-of-the-server]__1d2ea94._.js:7:153)
    at async O (.next/server/chunks/ssr/[root-of-the-server]__1d2ea94._.js:7:699)
[cron] currency-rate-refresh: failed to upsert MZN: TypeError: Cannot read properties of undefined (reading 'upsert')
    at Object.d [as handler] (.next/server/chunks/ssr/[root-of-the-server]__1jgqau7._.js:13:1448)
    at async N (.next/server/chunks/ssr/[root-of-the-server]__1d2ea94._.js:7:153)
    at async O (.next/server/chunks/ssr/[root-of-the-server]__1d2ea94._.js:7:699)
[cron] currency-rate-refresh: failed to upsert NAD: TypeError: Cannot read properties of undefined (reading 'upsert')
    at Object.d [as handler] (.next/server/chunks/ssr/[root-of-the-server]__1jgqau7._.js:13:1448)
    at async N (.next/server/chunks/ssr/[root-of-the-server]__1d2ea94._.js:7:153)
    at async O (.next/server/chunks/ssr/[root-of-the-server]__1d2ea94._.js:7:699)
[cron] currency-rate-refresh: failed to upsert NGN: TypeError: Cannot read properties of undefined (reading 'upsert')
    at Object.d [as handler] (.next/server/chunks/ssr/[root-of-the-server]__1jgqau7._.js:13:1448)
    at async N (.next/server/chunks/ssr/[root-of-the-server]__1d2ea94._.js:7:153)
    at async O (.next/server/chunks/ssr/[root-of-the-server]__1d2ea94._.js:7:699)
[cron] currency-rate-refresh: failed to upsert NIO: TypeError: Cannot read properties of undefined (reading 'upsert')
    at Object.d [as handler] (.next/server/chunks/ssr/[root-of-the-server]__1jgqau7._.js:13:1448)
    at async N (.next/server/chunks/ssr/[root-of-the-server]__1d2ea94._.js:7:153)
    at async O (.next/server/chunks/ssr/[root-of-the-server]__1d2ea94._.js:7:699)
[cron] currency-rate-refresh: failed to upsert NOK: TypeError: Cannot read properties of undefined (reading 'upsert')
    at Object.d [as handler] (.next/server/chunks/ssr/[root-of-the-server]__1jgqau7._.js:13:1448)
    at async N (.next/server/chunks/ssr/[root-of-the-server]__1d2ea94._.js:7:153)
    at async O (.next/server/chunks/ssr/[root-of-the-server]__1d2ea94._.js:7:699)
[cron] currency-rate-refresh: failed to upsert NPR: TypeError: Cannot read properties of undefined (reading 'upsert')
    at Object.d [as handler] (.next/server/chunks/ssr/[root-of-the-server]__1jgqau7._.js:13:1448)
    at async N (.next/server/chunks/ssr/[root-of-the-server]__1d2ea94._.js:7:153)
    at async O (.next/server/chunks/ssr/[root-of-the-server]__1d2ea94._.js:7:699)
[cron] currency-rate-refresh: failed to upsert NZD: TypeError: Cannot read properties of undefined (reading 'upsert')
    at Object.d [as handler] (.next/server/chunks/ssr/[root-of-the-server]__1jgqau7._.js:13:1448)
    at async N (.next/server/chunks/ssr/[root-of-the-server]__1d2ea94._.js:7:153)
    at async O (.next/server/chunks/ssr/[root-of-the-server]__1d2ea94._.js:7:699)
[cron] currency-rate-refresh: failed to upsert OMR: TypeError: Cannot read properties of undefined (reading 'upsert')
    at Object.d [as handler] (.next/server/chunks/ssr/[root-of-the-server]__1jgqau7._.js:13:1448)
    at async N (.next/server/chunks/ssr/[root-of-the-server]__1d2ea94._.js:7:153)
    at async O (.next/server/chunks/ssr/[root-of-the-server]__1d2ea94._.js:7:699)
[cron] currency-rate-refresh: failed to upsert PAB: TypeError: Cannot read properties of undefined (reading 'upsert')
    at Object.d [as handler] (.next/server/chunks/ssr/[root-of-the-server]__1jgqau7._.js:13:1448)
    at async N (.next/server/chunks/ssr/[root-of-the-server]__1d2ea94._.js:7:153)
    at async O (.next/server/chunks/ssr/[root-of-the-server]__1d2ea94._.js:7:699)
[cron] currency-rate-refresh: failed to upsert PEN: TypeError: Cannot read properties of undefined (reading 'upsert')
    at Object.d [as handler] (.next/server/chunks/ssr/[root-of-the-server]__1jgqau7._.js:13:1448)
    at async N (.next/server/chunks/ssr/[root-of-the-server]__1d2ea94._.js:7:153)
    at async O (.next/server/chunks/ssr/[root-of-the-server]__1d2ea94._.js:7:699)
[cron] currency-rate-refresh: failed to upsert PGK: TypeError: Cannot read properties of undefined (reading 'upsert')
    at Object.d [as handler] (.next/server/chunks/ssr/[root-of-the-server]__1jgqau7._.js:13:1448)
    at async N (.next/server/chunks/ssr/[root-of-the-server]__1d2ea94._.js:7:153)
    at async O (.next/server/chunks/ssr/[root-of-the-server]__1d2ea94._.js:7:699)
[cron] currency-rate-refresh: failed to upsert PHP: TypeError: Cannot read properties of undefined (reading 'upsert')
    at Object.d [as handler] (.next/server/chunks/ssr/[root-of-the-server]__1jgqau7._.js:13:1448)
    at async N (.next/server/chunks/ssr/[root-of-the-server]__1d2ea94._.js:7:153)
    at async O (.next/server/chunks/ssr/[root-of-the-server]__1d2ea94._.js:7:699)
[cron] currency-rate-refresh: failed to upsert PKR: TypeError: Cannot read properties of undefined (reading 'upsert')
    at Object.d [as handler] (.next/server/chunks/ssr/[root-of-the-server]__1jgqau7._.js:13:1448)
    at async N (.next/server/chunks/ssr/[root-of-the-server]__1d2ea94._.js:7:153)
    at async O (.next/server/chunks/ssr/[root-of-the-server]__1d2ea94._.js:7:699)
[cron] currency-rate-refresh: failed to upsert PLN: TypeError: Cannot read properties of undefined (reading 'upsert')
    at Object.d [as handler] (.next/server/chunks/ssr/[root-of-the-server]__1jgqau7._.js:13:1448)
    at async N (.next/server/chunks/ssr/[root-of-the-server]__1d2ea94._.js:7:153)
    at async O (.next/server/chunks/ssr/[root-of-the-server]__1d2ea94._.js:7:699)
[cron] currency-rate-refresh: failed to upsert PYG: TypeError: Cannot read properties of undefined (reading 'upsert')
    at Object.d [as handler] (.next/server/chunks/ssr/[root-of-the-server]__1jgqau7._.js:13:1448)
    at async N (.next/server/chunks/ssr/[root-of-the-server]__1d2ea94._.js:7:153)
    at async O (.next/server/chunks/ssr/[root-of-the-server]__1d2ea94._.js:7:699)
[cron] currency-rate-refresh: failed to upsert QAR: TypeError: Cannot read properties of undefined (reading 'upsert')
    at Object.d [as handler] (.next/server/chunks/ssr/[root-of-the-server]__1jgqau7._.js:13:1448)
    at async N (.next/server/chunks/ssr/[root-of-the-server]__1d2ea94._.js:7:153)
    at async O (.next/server/chunks/ssr/[root-of-the-server]__1d2ea94._.js:7:699)
[cron] currency-rate-refresh: failed to upsert RON: TypeError: Cannot read properties of undefined (reading 'upsert')
    at Object.d [as handler] (.next/server/chunks/ssr/[root-of-the-server]__1jgqau7._.js:13:1448)
    at async N (.next/server/chunks/ssr/[root-of-the-server]__1d2ea94._.js:7:153)
    at async O (.next/server/chunks/ssr/[root-of-the-server]__1d2ea94._.js:7:699)
[cron] currency-rate-refresh: failed to upsert RSD: TypeError: Cannot read properties of undefined (reading 'upsert')
    at Object.d [as handler] (.next/server/chunks/ssr/[root-of-the-server]__1jgqau7._.js:13:1448)
    at async N (.next/server/chunks/ssr/[root-of-the-server]__1d2ea94._.js:7:153)
    at async O (.next/server/chunks/ssr/[root-of-the-server]__1d2ea94._.js:7:699)
[cron] currency-rate-refresh: failed to upsert RUB: TypeError: Cannot read properties of undefined (reading 'upsert')
    at Object.d [as handler] (.next/server/chunks/ssr/[root-of-the-server]__1jgqau7._.js:13:1448)
    at async N (.next/server/chunks/ssr/[root-of-the-server]__1d2ea94._.js:7:153)
    at async O (.next/server/chunks/ssr/[root-of-the-server]__1d2ea94._.js:7:699)
[cron] currency-rate-refresh: failed to upsert RWF: TypeError: Cannot read properties of undefined (reading 'upsert')
    at Object.d [as handler] (.next/server/chunks/ssr/[root-of-the-server]__1jgqau7._.js:13:1448)
    at async N (.next/server/chunks/ssr/[root-of-the-server]__1d2ea94._.js:7:153)
    at async O (.next/server/chunks/ssr/[root-of-the-server]__1d2ea94._.js:7:699)
[cron] currency-rate-refresh: failed to upsert SAR: TypeError: Cannot read properties of undefined (reading 'upsert')
    at Object.d [as handler] (.next/server/chunks/ssr/[root-of-the-server]__1jgqau7._.js:13:1448)
    at async N (.next/server/chunks/ssr/[root-of-the-server]__1d2ea94._.js:7:153)
    at async O (.next/server/chunks/ssr/[root-of-the-server]__1d2ea94._.js:7:699)
[cron] currency-rate-refresh: failed to upsert SBD: TypeError: Cannot read properties of undefined (reading 'upsert')
    at Object.d [as handler] (.next/server/chunks/ssr/[root-of-the-server]__1jgqau7._.js:13:1448)
    at async N (.next/server/chunks/ssr/[root-of-the-server]__1d2ea94._.js:7:153)
    at async O (.next/server/chunks/ssr/[root-of-the-server]__1d2ea94._.js:7:699)
[cron] currency-rate-refresh: failed to upsert SCR: TypeError: Cannot read properties of undefined (reading 'upsert')
    at Object.d [as handler] (.next/server/chunks/ssr/[root-of-the-server]__1jgqau7._.js:13:1448)
    at async N (.next/server/chunks/ssr/[root-of-the-server]__1d2ea94._.js:7:153)
    at async O (.next/server/chunks/ssr/[root-of-the-server]__1d2ea94._.js:7:699)
[cron] currency-rate-refresh: failed to upsert SDG: TypeError: Cannot read properties of undefined (reading 'upsert')
    at Object.d [as handler] (.next/server/chunks/ssr/[root-of-the-server]__1jgqau7._.js:13:1448)
    at async N (.next/server/chunks/ssr/[root-of-the-server]__1d2ea94._.js:7:153)
    at async O (.next/server/chunks/ssr/[root-of-the-server]__1d2ea94._.js:7:699)
[cron] currency-rate-refresh: failed to upsert SEK: TypeError: Cannot read properties of undefined (reading 'upsert')
    at Object.d [as handler] (.next/server/chunks/ssr/[root-of-the-server]__1jgqau7._.js:13:1448)
    at async N (.next/server/chunks/ssr/[root-of-the-server]__1d2ea94._.js:7:153)
    at async O (.next/server/chunks/ssr/[root-of-the-server]__1d2ea94._.js:7:699)
[cron] currency-rate-refresh: failed to upsert SGD: TypeError: Cannot read properties of undefined (reading 'upsert')
    at Object.d [as handler] (.next/server/chunks/ssr/[root-of-the-server]__1jgqau7._.js:13:1448)
    at async N (.next/server/chunks/ssr/[root-of-the-server]__1d2ea94._.js:7:153)
    at async O (.next/server/chunks/ssr/[root-of-the-server]__1d2ea94._.js:7:699)
[cron] currency-rate-refresh: failed to upsert SHP: TypeError: Cannot read properties of undefined (reading 'upsert')
    at Object.d [as handler] (.next/server/chunks/ssr/[root-of-the-server]__1jgqau7._.js:13:1448)
    at async N (.next/server/chunks/ssr/[root-of-the-server]__1d2ea94._.js:7:153)
    at async O (.next/server/chunks/ssr/[root-of-the-server]__1d2ea94._.js:7:699)
[cron] currency-rate-refresh: failed to upsert SLE: TypeError: Cannot read properties of undefined (reading 'upsert')
    at Object.d [as handler] (.next/server/chunks/ssr/[root-of-the-server]__1jgqau7._.js:13:1448)
    at async N (.next/server/chunks/ssr/[root-of-the-server]__1d2ea94._.js:7:153)
    at async O (.next/server/chunks/ssr/[root-of-the-server]__1d2ea94._.js:7:699)
[cron] currency-rate-refresh: failed to upsert SLL: TypeError: Cannot read properties of undefined (reading 'upsert')
    at Object.d [as handler] (.next/server/chunks/ssr/[root-of-the-server]__1jgqau7._.js:13:1448)
    at async N (.next/server/chunks/ssr/[root-of-the-server]__1d2ea94._.js:7:153)
    at async O (.next/server/chunks/ssr/[root-of-the-server]__1d2ea94._.js:7:699)
[cron] currency-rate-refresh: failed to upsert SOS: TypeError: Cannot read properties of undefined (reading 'upsert')
    at Object.d [as handler] (.next/server/chunks/ssr/[root-of-the-server]__1jgqau7._.js:13:1448)
    at async N (.next/server/chunks/ssr/[root-of-the-server]__1d2ea94._.js:7:153)
    at async O (.next/server/chunks/ssr/[root-of-the-server]__1d2ea94._.js:7:699)
[cron] currency-rate-refresh: failed to upsert SRD: TypeError: Cannot read properties of undefined (reading 'upsert')
    at Object.d [as handler] (.next/server/chunks/ssr/[root-of-the-server]__1jgqau7._.js:13:1448)
    at async N (.next/server/chunks/ssr/[root-of-the-server]__1d2ea94._.js:7:153)
    at async O (.next/server/chunks/ssr/[root-of-the-server]__1d2ea94._.js:7:699)
[cron] currency-rate-refresh: failed to upsert SSP: TypeError: Cannot read properties of undefined (reading 'upsert')
    at Object.d [as handler] (.next/server/chunks/ssr/[root-of-the-server]__1jgqau7._.js:13:1448)
    at async N (.next/server/chunks/ssr/[root-of-the-server]__1d2ea94._.js:7:153)
    at async O (.next/server/chunks/ssr/[root-of-the-server]__1d2ea94._.js:7:699)
[cron] currency-rate-refresh: failed to upsert STN: TypeError: Cannot read properties of undefined (reading 'upsert')
    at Object.d [as handler] (.next/server/chunks/ssr/[root-of-the-server]__1jgqau7._.js:13:1448)
    at async N (.next/server/chunks/ssr/[root-of-the-server]__1d2ea94._.js:7:153)
    at async O (.next/server/chunks/ssr/[root-of-the-server]__1d2ea94._.js:7:699)
[cron] currency-rate-refresh: failed to upsert SYP: TypeError: Cannot read properties of undefined (reading 'upsert')
    at Object.d [as handler] (.next/server/chunks/ssr/[root-of-the-server]__1jgqau7._.js:13:1448)
    at async N (.next/server/chunks/ssr/[root-of-the-server]__1d2ea94._.js:7:153)
    at async O (.next/server/chunks/ssr/[root-of-the-server]__1d2ea94._.js:7:699)
[cron] currency-rate-refresh: failed to upsert SZL: TypeError: Cannot read properties of undefined (reading 'upsert')
    at Object.d [as handler] (.next/server/chunks/ssr/[root-of-the-server]__1jgqau7._.js:13:1448)
    at async N (.next/server/chunks/ssr/[root-of-the-server]__1d2ea94._.js:7:153)
    at async O (.next/server/chunks/ssr/[root-of-the-server]__1d2ea94._.js:7:699)
[cron] currency-rate-refresh: failed to upsert THB: TypeError: Cannot read properties of undefined (reading 'upsert')
    at Object.d [as handler] (.next/server/chunks/ssr/[root-of-the-server]__1jgqau7._.js:13:1448)
    at async N (.next/server/chunks/ssr/[root-of-the-server]__1d2ea94._.js:7:153)
    at async O (.next/server/chunks/ssr/[root-of-the-server]__1d2ea94._.js:7:699)
[cron] currency-rate-refresh: failed to upsert TJS: TypeError: Cannot read properties of undefined (reading 'upsert')
    at Object.d [as handler] (.next/server/chunks/ssr/[root-of-the-server]__1jgqau7._.js:13:1448)
    at async N (.next/server/chunks/ssr/[root-of-the-server]__1d2ea94._.js:7:153)
    at async O (.next/server/chunks/ssr/[root-of-the-server]__1d2ea94._.js:7:699)
[cron] currency-rate-refresh: failed to upsert TMT: TypeError: Cannot read properties of undefined (reading 'upsert')
    at Object.d [as handler] (.next/server/chunks/ssr/[root-of-the-server]__1jgqau7._.js:13:1448)
    at async N (.next/server/chunks/ssr/[root-of-the-server]__1d2ea94._.js:7:153)
    at async O (.next/server/chunks/ssr/[root-of-the-server]__1d2ea94._.js:7:699)
[cron] currency-rate-refresh: failed to upsert TND: TypeError: Cannot read properties of undefined (reading 'upsert')
    at Object.d [as handler] (.next/server/chunks/ssr/[root-of-the-server]__1jgqau7._.js:13:1448)
    at async N (.next/server/chunks/ssr/[root-of-the-server]__1d2ea94._.js:7:153)
    at async O (.next/server/chunks/ssr/[root-of-the-server]__1d2ea94._.js:7:699)
[cron] currency-rate-refresh: failed to upsert TOP: TypeError: Cannot read properties of undefined (reading 'upsert')
    at Object.d [as handler] (.next/server/chunks/ssr/[root-of-the-server]__1jgqau7._.js:13:1448)
    at async N (.next/server/chunks/ssr/[root-of-the-server]__1d2ea94._.js:7:153)
    at async O (.next/server/chunks/ssr/[root-of-the-server]__1d2ea94._.js:7:699)
[cron] currency-rate-refresh: failed to upsert TRY: TypeError: Cannot read properties of undefined (reading 'upsert')
    at Object.d [as handler] (.next/server/chunks/ssr/[root-of-the-server]__1jgqau7._.js:13:1448)
    at async N (.next/server/chunks/ssr/[root-of-the-server]__1d2ea94._.js:7:153)
    at async O (.next/server/chunks/ssr/[root-of-the-server]__1d2ea94._.js:7:699)
[cron] currency-rate-refresh: failed to upsert TTD: TypeError: Cannot read properties of undefined (reading 'upsert')
    at Object.d [as handler] (.next/server/chunks/ssr/[root-of-the-server]__1jgqau7._.js:13:1448)
    at async N (.next/server/chunks/ssr/[root-of-the-server]__1d2ea94._.js:7:153)
    at async O (.next/server/chunks/ssr/[root-of-the-server]__1d2ea94._.js:7:699)
[cron] currency-rate-refresh: failed to upsert TVD: TypeError: Cannot read properties of undefined (reading 'upsert')
    at Object.d [as handler] (.next/server/chunks/ssr/[root-of-the-server]__1jgqau7._.js:13:1448)
    at async N (.next/server/chunks/ssr/[root-of-the-server]__1d2ea94._.js:7:153)
    at async O (.next/server/chunks/ssr/[root-of-the-server]__1d2ea94._.js:7:699)
[cron] currency-rate-refresh: failed to upsert TWD: TypeError: Cannot read properties of undefined (reading 'upsert')
    at Object.d [as handler] (.next/server/chunks/ssr/[root-of-the-server]__1jgqau7._.js:13:1448)
    at async N (.next/server/chunks/ssr/[root-of-the-server]__1d2ea94._.js:7:153)
    at async O (.next/server/chunks/ssr/[root-of-the-server]__1d2ea94._.js:7:699)
[cron] currency-rate-refresh: failed to upsert TZS: TypeError: Cannot read properties of undefined (reading 'upsert')
    at Object.d [as handler] (.next/server/chunks/ssr/[root-of-the-server]__1jgqau7._.js:13:1448)
    at async N (.next/server/chunks/ssr/[root-of-the-server]__1d2ea94._.js:7:153)
    at async O (.next/server/chunks/ssr/[root-of-the-server]__1d2ea94._.js:7:699)
[cron] currency-rate-refresh: failed to upsert UAH: TypeError: Cannot read properties of undefined (reading 'upsert')
    at Object.d [as handler] (.next/server/chunks/ssr/[root-of-the-server]__1jgqau7._.js:13:1448)
    at async N (.next/server/chunks/ssr/[root-of-the-server]__1d2ea94._.js:7:153)
    at async O (.next/server/chunks/ssr/[root-of-the-server]__1d2ea94._.js:7:699)
[cron] currency-rate-refresh: failed to upsert UGX: TypeError: Cannot read properties of undefined (reading 'upsert')
    at Object.d [as handler] (.next/server/chunks/ssr/[root-of-the-server]__1jgqau7._.js:13:1448)
    at async N (.next/server/chunks/ssr/[root-of-the-server]__1d2ea94._.js:7:153)
    at async O (.next/server/chunks/ssr/[root-of-the-server]__1d2ea94._.js:7:699)
[cron] currency-rate-refresh: failed to upsert UYU: TypeError: Cannot read properties of undefined (reading 'upsert')
    at Object.d [as handler] (.next/server/chunks/ssr/[root-of-the-server]__1jgqau7._.js:13:1448)
    at async N (.next/server/chunks/ssr/[root-of-the-server]__1d2ea94._.js:7:153)
    at async O (.next/server/chunks/ssr/[root-of-the-server]__1d2ea94._.js:7:699)
[cron] currency-rate-refresh: failed to upsert UZS: TypeError: Cannot read properties of undefined (reading 'upsert')
    at Object.d [as handler] (.next/server/chunks/ssr/[root-of-the-server]__1jgqau7._.js:13:1448)
    at async N (.next/server/chunks/ssr/[root-of-the-server]__1d2ea94._.js:7:153)
    at async O (.next/server/chunks/ssr/[root-of-the-server]__1d2ea94._.js:7:699)
[cron] currency-rate-refresh: failed to upsert VES: TypeError: Cannot read properties of undefined (reading 'upsert')
    at Object.d [as handler] (.next/server/chunks/ssr/[root-of-the-server]__1jgqau7._.js:13:1448)
    at async N (.next/server/chunks/ssr/[root-of-the-server]__1d2ea94._.js:7:153)
    at async O (.next/server/chunks/ssr/[root-of-the-server]__1d2ea94._.js:7:699)
[cron] currency-rate-refresh: failed to upsert VND: TypeError: Cannot read properties of undefined (reading 'upsert')
    at Object.d [as handler] (.next/server/chunks/ssr/[root-of-the-server]__1jgqau7._.js:13:1448)
    at async N (.next/server/chunks/ssr/[root-of-the-server]__1d2ea94._.js:7:153)
    at async O (.next/server/chunks/ssr/[root-of-the-server]__1d2ea94._.js:7:699)
[cron] currency-rate-refresh: failed to upsert VUV: TypeError: Cannot read properties of undefined (reading 'upsert')
    at Object.d [as handler] (.next/server/chunks/ssr/[root-of-the-server]__1jgqau7._.js:13:1448)
    at async N (.next/server/chunks/ssr/[root-of-the-server]__1d2ea94._.js:7:153)
    at async O (.next/server/chunks/ssr/[root-of-the-server]__1d2ea94._.js:7:699)
[cron] currency-rate-refresh: failed to upsert WST: TypeError: Cannot read properties of undefined (reading 'upsert')
    at Object.d [as handler] (.next/server/chunks/ssr/[root-of-the-server]__1jgqau7._.js:13:1448)
    at async N (.next/server/chunks/ssr/[root-of-the-server]__1d2ea94._.js:7:153)
    at async O (.next/server/chunks/ssr/[root-of-the-server]__1d2ea94._.js:7:699)
[cron] currency-rate-refresh: failed to upsert XAF: TypeError: Cannot read properties of undefined (reading 'upsert')
    at Object.d [as handler] (.next/server/chunks/ssr/[root-of-the-server]__1jgqau7._.js:13:1448)
    at async N (.next/server/chunks/ssr/[root-of-the-server]__1d2ea94._.js:7:153)
    at async O (.next/server/chunks/ssr/[root-of-the-server]__1d2ea94._.js:7:699)
[cron] currency-rate-refresh: failed to upsert XCD: TypeError: Cannot read properties of undefined (reading 'upsert')
    at Object.d [as handler] (.next/server/chunks/ssr/[root-of-the-server]__1jgqau7._.js:13:1448)
    at async N (.next/server/chunks/ssr/[root-of-the-server]__1d2ea94._.js:7:153)
    at async O (.next/server/chunks/ssr/[root-of-the-server]__1d2ea94._.js:7:699)
[cron] currency-rate-refresh: failed to upsert XCG: TypeError: Cannot read properties of undefined (reading 'upsert')
    at Object.d [as handler] (.next/server/chunks/ssr/[root-of-the-server]__1jgqau7._.js:13:1448)
    at async N (.next/server/chunks/ssr/[root-of-the-server]__1d2ea94._.js:7:153)
    at async O (.next/server/chunks/ssr/[root-of-the-server]__1d2ea94._.js:7:699)
[cron] currency-rate-refresh: failed to upsert XDR: TypeError: Cannot read properties of undefined (reading 'upsert')
    at Object.d [as handler] (.next/server/chunks/ssr/[root-of-the-server]__1jgqau7._.js:13:1448)
    at async N (.next/server/chunks/ssr/[root-of-the-server]__1d2ea94._.js:7:153)
    at async O (.next/server/chunks/ssr/[root-of-the-server]__1d2ea94._.js:7:699)
[cron] currency-rate-refresh: failed to upsert XOF: TypeError: Cannot read properties of undefined (reading 'upsert')
    at Object.d [as handler] (.next/server/chunks/ssr/[root-of-the-server]__1jgqau7._.js:13:1448)
    at async N (.next/server/chunks/ssr/[root-of-the-server]__1d2ea94._.js:7:153)
    at async O (.next/server/chunks/ssr/[root-of-the-server]__1d2ea94._.js:7:699)
[cron] currency-rate-refresh: failed to upsert XPF: TypeError: Cannot read properties of undefined (reading 'upsert')
    at Object.d [as handler] (.next/server/chunks/ssr/[root-of-the-server]__1jgqau7._.js:13:1448)
    at async N (.next/server/chunks/ssr/[root-of-the-server]__1d2ea94._.js:7:153)
    at async O (.next/server/chunks/ssr/[root-of-the-server]__1d2ea94._.js:7:699)
[cron] currency-rate-refresh: failed to upsert YER: TypeError: Cannot read properties of undefined (reading 'upsert')
    at Object.d [as handler] (.next/server/chunks/ssr/[root-of-the-server]__1jgqau7._.js:13:1448)
    at async N (.next/server/chunks/ssr/[root-of-the-server]__1d2ea94._.js:7:153)
    at async O (.next/server/chunks/ssr/[root-of-the-server]__1d2ea94._.js:7:699)
[cron] currency-rate-refresh: failed to upsert ZAR: TypeError: Cannot read properties of undefined (reading 'upsert')
    at Object.d [as handler] (.next/server/chunks/ssr/[root-of-the-server]__1jgqau7._.js:13:1448)
    at async N (.next/server/chunks/ssr/[root-of-the-server]__1d2ea94._.js:7:153)
    at async O (.next/server/chunks/ssr/[root-of-the-server]__1d2ea94._.js:7:699)
[cron] currency-rate-refresh: failed to upsert ZMW: TypeError: Cannot read properties of undefined (reading 'upsert')
    at Object.d [as handler] (.next/server/chunks/ssr/[root-of-the-server]__1jgqau7._.js:13:1448)
    at async N (.next/server/chunks/ssr/[root-of-the-server]__1d2ea94._.js:7:153)
    at async O (.next/server/chunks/ssr/[root-of-the-server]__1d2ea94._.js:7:699)
[cron] currency-rate-refresh: failed to upsert ZWG: TypeError: Cannot read properties of undefined (reading 'upsert')
    at Object.d [as handler] (.next/server/chunks/ssr/[root-of-the-server]__1jgqau7._.js:13:1448)
    at async N (.next/server/chunks/ssr/[root-of-the-server]__1d2ea94._.js:7:153)
    at async O (.next/server/chunks/ssr/[root-of-the-server]__1d2ea94._.js:7:699)
[cron] currency-rate-refresh: failed to upsert ZWL: TypeError: Cannot read properties of undefined (reading 'upsert')
    at Object.d [as handler] (.next/server/chunks/ssr/[root-of-the-server]__1jgqau7._.js:13:1448)
    at async N (.next/server/chunks/ssr/[root-of-the-server]__1d2ea94._.js:7:153)
    at async O (.next/server/chunks/ssr/[root-of-the-server]__1d2ea94._.js:7:699)
{"level":"info","message":"cron: currency rates refreshed","timestamp":"2026-09-01T13:33:54.967Z","job":"currency:refresh","updated":0}
[cron] webhook-logs-cleanup failed: TypeError: Cannot read properties of undefined (reading 'deleteMany')
    at Object.d [as handler] (.next/server/chunks/ssr/[root-of-the-server]__0h1fmkc._.js:13:1026)
    at N (.next/server/chunks/ssr/[root-of-the-server]__1d2ea94._.js:7:161)
    at O (.next/server/chunks/ssr/[root-of-the-server]__1d2ea94._.js:7:705)
[announcements] publish-scheduled failed: TypeError: Cannot read properties of undefined (reading 'updateMany')
    at Object.d [as handler] (.next/server/chunks/ssr/[root-of-the-server]__03eb2ui._.js:13:1013)
    at N (.next/server/chunks/ssr/[root-of-the-server]__1d2ea94._.js:7:161)
    at O (.next/server/chunks/ssr/[root-of-the-server]__1d2ea94._.js:7:705)
[blog] publish-scheduled failed: TypeError: Cannot read properties of undefined (reading 'updateMany')
    at Object.d [as handler] (.next/server/chunks/ssr/[root-of-the-server]__1c_1ofo._.js:13:1012)
    at N (.next/server/chunks/ssr/[root-of-the-server]__1d2ea94._.js:7:161)
    at O (.next/server/chunks/ssr/[root-of-the-server]__1d2ea94._.js:7:705)
[changelog] publish-scheduled failed: TypeError: Cannot read properties of undefined (reading 'updateMany')
    at Object.d [as handler] (.next/server/chunks/ssr/[root-of-the-server]__0o9gti4._.js:13:1014)
    at N (.next/server/chunks/ssr/[root-of-the-server]__1d2ea94._.js:7:161)
    at O (.next/server/chunks/ssr/[root-of-the-server]__1d2ea94._.js:7:705)
[announcements] publish-scheduled failed: TypeError: Cannot read properties of undefined (reading 'updateMany')
    at Object.d [as handler] (.next/server/chunks/ssr/[root-of-the-server]__03eb2ui._.js:13:1013)
    at N (.next/server/chunks/ssr/[root-of-the-server]__1d2ea94._.js:7:161)
    at O (.next/server/chunks/ssr/[root-of-the-server]__1d2ea94._.js:7:705)
[blog] publish-scheduled failed: TypeError: Cannot read properties of undefined (reading 'updateMany')
    at Object.d [as handler] (.next/server/chunks/ssr/[root-of-the-server]__1c_1ofo._.js:13:1012)
    at N (.next/server/chunks/ssr/[root-of-the-server]__1d2ea94._.js:7:161)
    at O (.next/server/chunks/ssr/[root-of-the-server]__1d2ea94._.js:7:705)
[changelog] publish-scheduled failed: TypeError: Cannot read properties of undefined (reading 'updateMany')
    at Object.d [as handler] (.next/server/chunks/ssr/[root-of-the-server]__0o9gti4._.js:13:1014)
    at N (.next/server/chunks/ssr/[root-of-the-server]__1d2ea94._.js:7:161)
    at O (.next/server/chunks/ssr/[root-of-the-server]__1d2ea94._.js:7:705)
[announcements] publish-scheduled failed: TypeError: Cannot read properties of undefined (reading 'updateMany')
    at Object.d [as handler] (.next/server/chunks/ssr/[root-of-the-server]__03eb2ui._.js:13:1013)
    at N (.next/server/chunks/ssr/[root-of-the-server]__1d2ea94._.js:7:161)
    at O (.next/server/chunks/ssr/[root-of-the-server]__1d2ea94._.js:7:705)
[blog] publish-scheduled failed: TypeError: Cannot read properties of undefined (reading 'updateMany')
    at Object.d [as handler] (.next/server/chunks/ssr/[root-of-the-server]__1c_1ofo._.js:13:1012)
    at N (.next/server/chunks/ssr/[root-of-the-server]__1d2ea94._.js:7:161)
    at O (.next/server/chunks/ssr/[root-of-the-server]__1d2ea94._.js:7:705)
[changelog] publish-scheduled failed: TypeError: Cannot read properties of undefined (reading 'updateMany')
    at Object.d [as handler] (.next/server/chunks/ssr/[root-of-the-server]__0o9gti4._.js:13:1014)
    at N (.next/server/chunks/ssr/[root-of-the-server]__1d2ea94._.js:7:161)
    at O (.next/server/chunks/ssr/[root-of-the-server]__1d2ea94._.js:7:705)
[announcements] publish-scheduled failed: TypeError: Cannot read properties of undefined (reading 'updateMany')
    at Object.d [as handler] (.next/server/chunks/ssr/[root-of-the-server]__03eb2ui._.js:13:1013)
    at N (.next/server/chunks/ssr/[root-of-the-server]__1d2ea94._.js:7:161)
    at O (.next/server/chunks/ssr/[root-of-the-server]__1d2ea94._.js:7:705)
[blog] publish-scheduled failed: TypeError: Cannot read properties of undefined (reading 'updateMany')
    at Object.d [as handler] (.next/server/chunks/ssr/[root-of-the-server]__1c_1ofo._.js:13:1012)
    at N (.next/server/chunks/ssr/[root-of-the-server]__1d2ea94._.js:7:161)
    at O (.next/server/chunks/ssr/[root-of-the-server]__1d2ea94._.js:7:705)
[changelog] publish-scheduled failed: TypeError: Cannot read properties of undefined (reading 'updateMany')
    at Object.d [as handler] (.next/server/chunks/ssr/[root-of-the-server]__0o9gti4._.js:13:1014)
    at N (.next/server/chunks/ssr/[root-of-the-server]__1d2ea94._.js:7:161)
    at O (.next/server/chunks/ssr/[root-of-the-server]__1d2ea94._.js:7:705)
